// Jest Snapshot v1, https://goo.gl/fbAQLP

exports[`Button.vue create 1`] = `<button type="button" class="x-button x-button__ripple"></button>`;

exports[`Button.vue prop block 1`] = `<button type="button" class="x-button x-button__block x-button__ripple"></button>`;

exports[`Button.vue prop block 2`] = `<button type="button" class="x-button x-button__ripple"></button>`;

exports[`Button.vue prop disabled 1`] = `<button type="button" class="x-button x-button__disabled x-button__ripple"></button>`;

exports[`Button.vue prop disabled 2`] = `<button type="button" class="x-button x-button__ripple"></button>`;

exports[`Button.vue prop nativeType 1`] = `<button type="button" class="x-button x-button__ripple"></button>`;

exports[`Button.vue prop nativeType 2`] = `<button type="submit" class="x-button x-button__ripple"></button>`;

exports[`Button.vue prop nativeType 3`] = `<button type="reset" class="x-button x-button__ripple"></button>`;

exports[`Button.vue prop ripple 1`] = `<button type="button" class="x-button x-button__ripple"></button>`;

exports[`Button.vue prop ripple 2`] = `<button type="button" class="x-button"></button>`;

exports[`Button.vue prop round 1`] = `<button type="button" class="x-button x-button__ripple x-button__round"></button>`;

exports[`Button.vue prop round 2`] = `<button type="button" class="x-button x-button__ripple"></button>`;

exports[`Button.vue prop small 1`] = `<button type="button" class="x-button x-button__ripple x-button__small"></button>`;

exports[`Button.vue prop small 2`] = `<button type="button" class="x-button x-button__ripple"></button>`;

exports[`Button.vue prop stylus 1`] = `<button type="button" class="x-button x-button__text x-button__ripple"></button>`;

exports[`Button.vue prop stylus 2`] = `<button type="button" class="x-button x-button__icon x-button__ripple"></button>`;

exports[`Button.vue prop stylus 3`] = `<button type="button" class="x-button x-button__outlined x-button__ripple"></button>`;

exports[`Button.vue prop stylus 4`] = `<button type="button" class="x-button x-button__contained x-button__ripple"></button>`;

exports[`Button.vue prop stylus 5`] = `<button type="button" class="x-button x-button__toggle x-button__ripple"></button>`;

exports[`Button.vue prop type 1`] = `<button type="button" class="x-button x-button__flat x-button__ripple"></button>`;

exports[`Button.vue prop type 2`] = `<button type="button" class="x-button x-button__fab x-button__ripple"></button>`;

exports[`Button.vue slot default 1`] = `<button type="button" class="x-button x-button__ripple">按钮</button>`;
